// Jest Snapshot v1, https://goo.gl/fbAQLP

exports[`pruebas en FirstApp debes de hacer match con el snapshot 1`] = `
<div>
  <h1
    data-testid="test-title"
  >
    prueba test
  </h1>
  <p>
     
    No hay subtitulo
  </p>
  <p>
     
    maicol toro
  </p>
</div>
`;
